
> startingmonday@0.1.0 build
> npm run prebuild:guard && next build


> startingmonday@0.1.0 prebuild:guard
> node scripts/prebuild-guard.mjs

UX/UI rubric page gate
Pages: 10/10 passing

[PASS] / (8/8)
  - OK  Above-fold copy frames Starting Monday with luxury positioning for leaders. [src/app/page.tsx]
  - OK  Hero headline delivers conversation-before-posting positioning. [src/app/page.tsx]
  - OK  Hero body copy delivers relationship narrative framing. [src/app/page.tsx]
  - OK  Homepage exposes the two top-level path buttons. [src/components/LandingPage.tsx]
  - OK  Signal preview teaser block remains removed from homepage.
  - OK  Legacy "Key takeaway:" prefix remains removed.
  - OK  Homepage learn-more CTA routes to dedicated learn-more page. [src/components/LandingPage.tsx]
  - OK  Private-by-default copy includes collaborator visibility guardrail. [src/app/page.tsx]

[PASS] /pricing (4/4)
  - OK  Pricing cards keep Start free trial CTA copy. [src/app/pricing/pricing-cards.tsx]
  - OK  Pricing cards use flex-column stretch alignment. [src/app/pricing/pricing-cards.tsx]
  - OK  Pricing CTA remains bottom-aligned with mt-auto. [src/app/pricing/pricing-cards.tsx]
  - OK  Pricing keeps employer-visibility privacy assurance. [src/app/pricing/pricing-cards.tsx]

[PASS] /demo (3/3)
  - OK  Demo uses preset company to reduce input burden. [src/app/demo/page.tsx]
  - OK  Demo run limit remains capped at five. [src/app/demo/page.tsx]
  - OK  Demo includes Start free trial CTA. [src/app/demo/page.tsx]

[PASS] /blog (3/3)
  - OK  Blog index provides demo CTA. [src/app/blog/page.tsx]
  - OK  Blog index mounts Ask the blog helper. [src/app/blog/page.tsx]
  - OK  Blog helper keeps Ask the blog heading. [src/app/blog/blog-chat.tsx]

[PASS] /blog/how-we-estimate-early-role-signals (3/3)
  - OK  Public post avoids exposing exact detection details. [src/app/blog/how-we-estimate-early-role-signals/page.tsx]
  - OK  Detailed methodology remains gated to members. [src/app/blog/how-we-estimate-early-role-signals/page.tsx]
  - OK  Post includes signup CTA. [src/app/blog/how-we-estimate-early-role-signals/page.tsx]

[PASS] /method-and-evidence (2/2)
  - OK  Method page retains Dig deeper section. [src/app/method-and-evidence/page.tsx]
  - OK  Method page links to references, evidence, and timing model. [src/app/method-and-evidence/page.tsx]

[PASS] /signup (2/2)
  - OK  Signup no longer shows jump navigation box.
  - OK  Signup has a single clear H1 conversion heading. [src/app/(auth)/signup/page.tsx]

[PASS] /dashboard/discover (3/3)
  - OK  Discover page preserves branded shell header styling. [src/app/(dashboard)/dashboard/discover/page.tsx]
  - OK  Discover cards retain responsive grid density. [src/app/(dashboard)/dashboard/discover/page.tsx]
  - OK  Discover page avoids deprecated helper labels.

[PASS] /dashboard/discover/recommendation/[id] (3/3)
  - OK  Recommendation detail keeps source transparency chips. [src/app/(dashboard)/dashboard/discover/recommendation/[id]/page.tsx]
  - OK  Recommendation detail retains action rail component. [src/app/(dashboard)/dashboard/discover/recommendation/[id]/page.tsx]
  - OK  Recommendation detail preserves key narrative sections. [src/app/(dashboard)/dashboard/discover/recommendation/[id]/page.tsx]

[PASS] /dashboard/admin/intelligence (3/3)
  - OK  Admin intelligence keeps discover KPI heading. [src/app/(dashboard)/dashboard/admin/intelligence/page.tsx]
  - OK  Admin intelligence preserves threshold KPI cards. [src/app/(dashboard)/dashboard/admin/intelligence/page.tsx]
  - OK  Admin intelligence keeps compact top metric grid. [src/app/(dashboard)/dashboard/admin/intelligence/page.tsx]

All UX/UI rubric page checks passed.
Key funnel copy/CTA drift guard
------------------------------
Routes: 6/6 passing

[PASS] / (4/4)
  - OK  Homepage keeps executive operating-system framing copy. [src/app/page.tsx]
  - OK  Homepage hero keeps conversation-before-posting claim. [src/app/page.tsx]
  - OK  Homepage primary CTAs are Individuals and Partners path buttons. [src/components/LandingPage.tsx]
  - OK  Homepage Learn more points to dedicated learn-more page. [src/components/LandingPage.tsx]

[PASS] /pricing (2/2)
  - OK  Pricing cards keep Start free trial CTA copy. [src/app/pricing/pricing-cards.tsx]
  - OK  Pricing keeps employer-visibility privacy assurance near decision point. [src/app/pricing/pricing-cards.tsx]

[PASS] /demo (2/2)
  - OK  Demo keeps run-action CTA anchor. [src/app/demo/page.tsx]
  - OK  Demo keeps trial CTA copy. [src/app/demo/page.tsx]

[PASS] /blog (1/1)
  - OK  Blog index keeps demo CTA copy. [src/app/blog/page.tsx]

[PASS] /method-and-evidence (2/2)
  - OK  Method and evidence page keeps Dig deeper section label. [src/app/method-and-evidence/page.tsx]
  - OK  Method and evidence page keeps references/evidence/timing links. [src/app/method-and-evidence/page.tsx]

[PASS] /signup (3/3)
  - OK  Signup keeps Create your account heading. [src/app/(auth)/signup/page.tsx]
  - OK  Signup keeps no-credit-card assurance. [src/app/(auth)/signup/page.tsx]
  - OK  Signup does not reintroduce jump navigation copy.

Key funnel visual darkness gate
------------------------------
Routes: 6/6 passing

[PASS] / (5/5)
  - Metrics: bgP10 0.04, textP90 1, darkShare 0.571, contrast 11.67, apcaProxy 96, lowContrastRatio 0.33
  - OK  Median background luminance proxy stays above floor. (0.04 >= 0.02)
  - OK  Dark pixel share proxy remains below cap. (0.5714285714285714 <= 0.9)
  - OK  Estimated text/background contrast ratio meets readability floor. (11.666666666666668 >= 4.5)
  - OK  APCA-style luminance delta proxy stays above readability floor. (96 >= 45)
  - OK  Low-contrast muted text ratio on dark surfaces stays bounded. (0.32989690721649484 <= 0.45)

[PASS] /pricing (5/5)
  - Metrics: bgP10 0.04, textP90 1, darkShare 0.276, contrast 11.67, apcaProxy 96, lowContrastRatio 0.03
  - OK  Median background luminance proxy stays above floor. (0.04 >= 0.02)
  - OK  Dark pixel share proxy remains below cap. (0.27586206896551724 <= 0.9)
  - OK  Estimated text/background contrast ratio meets readability floor. (11.666666666666668 >= 4.5)
  - OK  APCA-style luminance delta proxy stays above readability floor. (96 >= 45)
  - OK  Low-contrast muted text ratio on dark surfaces stays bounded. (0.030303030303030304 <= 0.45)

[PASS] /demo (5/5)
  - Metrics: bgP10 0.04, textP90 1, darkShare 0.571, contrast 11.67, apcaProxy 96, lowContrastRatio 0.24
  - OK  Median background luminance proxy stays above floor. (0.04 >= 0.02)
  - OK  Dark pixel share proxy remains below cap. (0.5714285714285714 <= 0.9)
  - OK  Estimated text/background contrast ratio meets readability floor. (11.666666666666668 >= 4.5)
  - OK  APCA-style luminance delta proxy stays above readability floor. (96 >= 45)
  - OK  Low-contrast muted text ratio on dark surfaces stays bounded. (0.24 <= 0.45)

[PASS] /blog (5/5)
  - Metrics: bgP10 0.04, textP90 1, darkShare 0.5, contrast 11.67, apcaProxy 96, lowContrastRatio 0
  - OK  Median background luminance proxy stays above floor. (0.04 >= 0.02)
  - OK  Dark pixel share proxy remains below cap. (0.5 <= 0.9)
  - OK  Estimated text/background contrast ratio meets readability floor. (11.666666666666668 >= 4.5)
  - OK  APCA-style luminance delta proxy stays above readability floor. (96 >= 45)
  - OK  Low-contrast muted text ratio on dark surfaces stays bounded. (0 <= 0.45)

[PASS] /method-and-evidence (5/5)
  - Metrics: bgP10 0.04, textP90 1, darkShare 0.316, contrast 11.67, apcaProxy 96, lowContrastRatio 0
  - OK  Median background luminance proxy stays above floor. (0.04 >= 0.02)
  - OK  Dark pixel share proxy remains below cap. (0.3157894736842105 <= 0.9)
  - OK  Estimated text/background contrast ratio meets readability floor. (11.666666666666668 >= 4.5)
  - OK  APCA-style luminance delta proxy stays above readability floor. (96 >= 45)
  - OK  Low-contrast muted text ratio on dark surfaces stays bounded. (0 <= 0.45)

[PASS] /signup (5/5)
  - Metrics: bgP10 0.09, textP90 0.98, darkShare 0.267, contrast 7.36, apcaProxy 89, lowContrastRatio 0.255
  - OK  Median background luminance proxy stays above floor. (0.09 >= 0.02)
  - OK  Dark pixel share proxy remains below cap. (0.26666666666666666 <= 0.9)
  - OK  Estimated text/background contrast ratio meets readability floor. (7.357142857142857 >= 4.5)
  - OK  APCA-style luminance delta proxy stays above readability floor. (89 >= 45)
  - OK  Low-contrast muted text ratio on dark surfaces stays bounded. (0.2545454545454545 <= 0.45)

Public asset tracking guard: pass
prebuild guard passed
Γû▓ Next.js 16.2.7 (Turbopack)
- Environments: .env.local
- Experiments (use with caution):
  ┬╖ clientTraceMetadata
  Γ£ô inlineCss

  Creating an optimized production build ...
node.exe : Turbopack build encountered 1 warnings:
At line:1 char:1
+ & "C:\Program Files\nodejs/node.exe" "C:\Program Files\nodejs/node_mo ...
+ ~~~~~~~~~~~~~~~~~~~~~~~~~~~~~~~~~~~~~~~~~~~~~~~~~~~~~~~~~~~~~~~~~~~~~
    + CategoryInfo          : NotSpecified: (Turbopack build encountered 1 war 
   nings::String) [], RemoteException
    + FullyQualifiedErrorId : NativeCommandError
 
./next.config.ts
Encountered unexpected file in NFT list
A file was traced that indicates that the whole project was traced 
unintentionally. Somewhere in the import trace below, there are:
- filesystem operations (like path.join, path.resolve or fs.readFile), or
- very dynamic requires (like require('./' + foo)).
To resolve this, you can
- remove them if possible, or
- only use them in development, or
- make sure they are statically scoped to some subfolder: 
path.join(process.cwd(), 'data', bar), or
- add ignore comments: path.join(/*turbopackIgnore: true*/ process.cwd(), bar)

Import trace:
  App Route:
    ./next.config.ts
    ./src/lib/feature-docs.ts
    ./src/app/api/features/chat/route.ts


Γ£ô Compiled successfully in 17.6s
  Running next.config.js provided runAfterProductionCompile ...
Γ£ô Completed runAfterProductionCompile in 766ms
  Running TypeScript ...
  Finished TypeScript in 26.4s ...
  Collecting page data using 15 workers ...
  Generating static pages using 15 workers (0/554) ...
  Generating static pages using 15 workers (138/554) 
  Generating static pages using 15 workers (276/554) 
  Generating static pages using 15 workers (415/554) 
Γ£ô Generating static pages using 15 workers (554/554) in 2.3s
  Finalizing page optimization ...

Route (app)
Γöî ╞Æ /
Γö£ Γùï /_not-found
Γö£ Γùï /about
Γö£ Γùï /annual-report-2026
Γö£ Γùï /annual-report-2026/executive-search-ai-confidentiality
Γö£ ╞Æ /api/admin/automation/billing/failed-payment-retries
Γö£ ╞Æ /api/admin/automation/billing/invoices-receipts
Γö£ ╞Æ /api/admin/automation/billing/payment-reconciliation-checks
Γö£ ╞Æ /api/admin/automation/billing/plan-changes
Γö£ ╞Æ /api/admin/automation/billing/readiness
Γö£ ╞Æ /api/admin/automation/billing/refund-workflow-triggers
Γö£ ╞Æ /api/admin/automation/billing/renewal-reminders
Γö£ ╞Æ /api/admin/automation/billing/revenue-recognition-inputs
Γö£ ╞Æ /api/admin/automation/billing/subscription-status-updates
Γö£ ╞Æ /api/admin/automation/customer-ops/faq-responses
Γö£ ╞Æ /api/admin/automation/customer-ops/health-checks
Γö£ ╞Æ /api/admin/automation/customer-ops/help-center-routing
Γö£ ╞Æ /api/admin/automation/customer-ops/inactivity-nudges
Γö£ ╞Æ /api/admin/automation/customer-ops/issue-triage
Γö£ ╞Æ /api/admin/automation/customer-ops/renewal-reminders
Γö£ ╞Æ /api/admin/automation/customer-ops/status-reporting
Γö£ ╞Æ /api/admin/automation/customer-ops/usage-monitor
Γö£ ╞Æ /api/admin/automation/engineering/ci-checks
Γö£ ╞Æ /api/admin/automation/engineering/deployment-validation
Γö£ ╞Æ /api/admin/automation/engineering/error-monitoring
Γö£ ╞Æ /api/admin/automation/engineering/lint-typecheck
Γö£ ╞Æ /api/admin/automation/engineering/release-notes
Γö£ ╞Æ /api/admin/automation/engineering/runtime-health-checks
Γö£ ╞Æ /api/admin/automation/engineering/scheduled-job-observability
Γö£ ╞Æ /api/admin/automation/engineering/test-execution
Γö£ ╞Æ /api/admin/automation/meetings/book-remind
Γö£ ╞Æ /api/admin/automation/monitoring/alerts
Γö£ ╞Æ /api/admin/automation/onboarding/activation-reminders
Γö£ ╞Æ /api/admin/automation/onboarding/context-capture
Γö£ ╞Æ /api/admin/automation/onboarding/first-brief
Γö£ ╞Æ /api/admin/automation/onboarding/first-milestone-tracking
Γö£ ╞Æ /api/admin/automation/onboarding/identity-verify
Γö£ ╞Æ /api/admin/automation/onboarding/intake
Γö£ ╞Æ /api/admin/automation/onboarding/video-queue
Γö£ ╞Æ /api/admin/automation/onboarding/video-queue/[runId]
Γö£ ╞Æ /api/admin/automation/onboarding/workflow-assignment
Γö£ ╞Æ /api/admin/automation/outreach/book-from-replies
Γö£ ╞Æ /api/admin/automation/outreach/classify-replies
Γö£ ╞Æ /api/admin/automation/outreach/enforce-suppression
Γö£ ╞Æ /api/admin/automation/outreach/follow-up-timing
Γö£ ╞Æ /api/admin/automation/outreach/initial-sequences
Γö£ ╞Æ /api/admin/automation/outreach/post-meeting-follow-up
Γö£ ╞Æ /api/admin/automation/outreach/reconcile-live-sends
Γö£ ╞Æ /api/admin/automation/outreach/stalled-nudges
Γö£ ╞Æ /api/admin/automation/reporting/arpu-conversion-dashboard
Γö£ ╞Æ /api/admin/automation/reporting/benchmark-pipeline-run-logs
Γö£ ╞Æ /api/admin/automation/reporting/capstone-report-generation
Γö£ ╞Æ /api/admin/automation/reporting/cohort-roster-model
Γö£ ╞Æ /api/admin/automation/reporting/council-review-prep
Γö£ ╞Æ /api/admin/automation/reporting/daily-operating-snapshots
Γö£ ╞Æ /api/admin/automation/reporting/emi-slo-monitoring-alerts
Γö£ ╞Æ /api/admin/automation/reporting/emi-validation-reruns
Γö£ ╞Æ /api/admin/automation/reporting/exception-lists
Γö£ ╞Æ /api/admin/automation/reporting/gtm-proof-sequence
Γö£ ╞Æ /api/admin/automation/reporting/intelligence-qa-scorecard
Γö£ ╞Æ /api/admin/automation/reporting/migration-playbook-comms
Γö£ ╞Æ /api/admin/automation/reporting/monthly-business-review-packs
Γö£ ╞Æ /api/admin/automation/reporting/onboarding-qa-scorecard
Γö£ ╞Æ /api/admin/automation/reporting/outplacement-cohort-admin
Γö£ ╞Æ /api/admin/automation/reporting/partner-kpi-schema
Γö£ ╞Æ /api/admin/automation/reporting/partner-provisioning-import
Γö£ ╞Æ /api/admin/automation/reporting/pilot-partner-validation
Γö£ ╞Æ /api/admin/automation/reporting/pmf-daily-dashboard
Γö£ ╞Æ /api/admin/automation/reporting/pmf-event-monitor
Γö£ ╞Æ /api/admin/automation/reporting/prep-provenance-coverage
Γö£ ╞Æ /api/admin/automation/reporting/program-template-governance
Γö£ ╞Æ /api/admin/automation/reporting/program-template-packs
Γö£ ╞Æ /api/admin/automation/reporting/proof-asset-publisher
Γö£ ╞Æ /api/admin/automation/reporting/provisioning-sla-qa
Γö£ ╞Æ /api/admin/automation/reporting/q4-cadence-automation
Γö£ ╞Æ /api/admin/automation/reporting/seat-lifecycle-automation
Γö£ ╞Æ /api/admin/automation/reporting/session-closure-monitor
Γö£ ╞Æ /api/admin/automation/reporting/sponsor-export-dispatch
Γö£ ╞Æ /api/admin/automation/reporting/sponsor-export-pipeline
Γö£ ╞Æ /api/admin/automation/reporting/sponsor-snapshot-cadence
Γö£ ╞Æ /api/admin/automation/reporting/sprint-5-exit-metrics
Γö£ ╞Æ /api/admin/automation/reporting/success-criteria-audit-automation
Γö£ ╞Æ /api/admin/automation/reporting/template-adoption-scorecard
Γö£ ╞Æ /api/admin/automation/reporting/tier1-claim-compliance-audit
Γö£ ╞Æ /api/admin/automation/reporting/top10-objection-kpi-dashboard
Γö£ ╞Æ /api/admin/automation/reporting/trend-reports
Γö£ ╞Æ /api/admin/automation/reporting/value-lane-pricing-entitlements
Γö£ ╞Æ /api/admin/automation/reporting/weekly-kpi-summaries
Γö£ ╞Æ /api/admin/automation/revenue-ops/bookkeeping-entry-preparation
Γö£ ╞Æ /api/admin/automation/revenue-ops/exception-reporting
Γö£ ╞Æ /api/admin/automation/revenue-ops/mismatch-flagging
Γö£ ╞Æ /api/admin/automation/revenue-ops/payout-matching
Γö£ ╞Æ /api/admin/automation/revenue-ops/revenue-classification
Γö£ ╞Æ /api/admin/automation/revenue-ops/stripe-supabase-accounting-sync
Γö£ ╞Æ /api/admin/automation/signals/source-catalog
Γö£ ╞Æ /api/admin/b2b/material
Γö£ ╞Æ /api/admin/contacts/enrich
Γö£ ╞Æ /api/admin/edgar-status
Γö£ ╞Æ /api/admin/executive-research/health
Γö£ ╞Æ /api/admin/health
Γö£ ╞Æ /api/admin/internal-guide/chat
Γö£ ╞Æ /api/admin/leads/score-route
Γö£ ╞Æ /api/admin/outreach/reliability
Γö£ ╞Æ /api/admin/sales-enablement/workspace
Γö£ ╞Æ /api/admin/signals/monitor
Γö£ ╞Æ /api/admin/social/[id]
Γö£ ╞Æ /api/admin/social/[id]/council-check
Γö£ ╞Æ /api/admin/social/[id]/mark-posted
Γö£ ╞Æ /api/admin/social/[id]/schedule
Γö£ ╞Æ /api/admin/social/digest
Γö£ ╞Æ /api/admin/social/handoff-approved
Γö£ ╞Æ /api/admin/social/mock-publish
Γö£ ╞Æ /api/admin/social/morning
Γö£ ╞Æ /api/admin/social/schedule-publish
Γö£ ╞Æ /api/admin/social/sync-engagement
Γö£ ╞Æ /api/admin/social/today
Γö£ ╞Æ /api/admin/speakers
Γö£ ╞Æ /api/admin/speakers/[id]
Γö£ ╞Æ /api/admin/speakers/export
Γö£ ╞Æ /api/auth/login-submit
Γö£ ╞Æ /api/auth/oauth-start
Γö£ ╞Æ /api/auth/set-password
Γö£ ╞Æ /api/auth/verify-and-magic-link
Γö£ ╞Æ /api/auth/verify-and-oauth
Γö£ ╞Æ /api/auth/verify-and-signin
Γö£ ╞Æ /api/auth/verify-and-signup
Γö£ ╞Æ /api/billing/checkout
Γö£ ╞Æ /api/billing/checkout/micro-product
Γö£ ╞Æ /api/billing/checkout/micro-product-bundle
Γö£ ╞Æ /api/billing/checkout/seats
Γö£ ╞Æ /api/billing/pause
Γö£ ╞Æ /api/billing/portal
Γö£ ╞Æ /api/billing/resume
Γö£ ╞Æ /api/briefing/pulse-events
Γö£ ╞Æ /api/briefing/send
Γö£ ╞Æ /api/briefs/[id]/lifecycle
Γö£ ╞Æ /api/briefs/[id]/rate
Γö£ ╞Æ /api/briefs/download
Γö£ ╞Æ /api/briefs/save
Γö£ ╞Æ /api/chat
Γö£ ╞Æ /api/client/coach-access/[coachId]
Γö£ ╞Æ /api/client/coach-access/[coachId]/activity
Γö£ ╞Æ /api/client/coaches
Γö£ ╞Æ /api/coach/client/[clientId]/actions
Γö£ ╞Æ /api/coach/client/[clientId]/alerts
Γö£ ╞Æ /api/coach/client/[clientId]/briefs
Γö£ ╞Æ /api/coach/client/[clientId]/companies
Γö£ ╞Æ /api/coach/client/[clientId]/scorecards
Γö£ ╞Æ /api/coach/client/[clientId]/session-snapshot
Γö£ ╞Æ /api/coach/client/[clientId]/signals
Γö£ ╞Æ /api/coach/client/[clientId]/weekly-review
Γö£ ╞Æ /api/coach/clients
Γö£ ╞Æ /api/coach/command-center
Γö£ ╞Æ /api/companies
Γö£ ╞Æ /api/companies/quick-add
Γö£ ╞Æ /api/companies/reference/search
Γö£ ╞Æ /api/concierge-waitlist
Γö£ ╞Æ /api/concierge/calls
Γö£ ╞Æ /api/contacts
Γö£ ╞Æ /api/contacts/[id]
Γö£ ╞Æ /api/conversation
Γö£ ╞Æ /api/cron/apollo-quality-audit
Γö£ ╞Æ /api/cron/commitment-friday
Γö£ ╞Æ /api/cron/commitment-sunday
Γö£ ╞Æ /api/cron/drip
Γö£ ╞Æ /api/cron/edgar-freshness-audit
Γö£ ╞Æ /api/cron/edgar-signals
Γö£ ╞Æ /api/cron/edgar-watchdog
Γö£ ╞Æ /api/cron/enrichment-contact-retention
Γö£ ╞Æ /api/cron/executive-research-refresh
Γö£ ╞Æ /api/cron/google-calendar-sync
Γö£ ╞Æ /api/cron/ideas-monthly
Γö£ ╞Æ /api/cron/link-integrity-weekly-review
Γö£ ╞Æ /api/cron/managertools-day2-brief
Γö£ ╞Æ /api/cron/managertools-lifecycle
Γö£ ╞Æ /api/cron/managertools-signup-alerts
Γö£ ╞Æ /api/cron/managertools-signup-summary
Γö£ ╞Æ /api/cron/onboarding-video-worker
Γö£ ╞Æ /api/cron/outreach-digest
Γö£ ╞Æ /api/cron/outreach-reconcile
Γö£ ╞Æ /api/cron/outreach-send-worker
Γö£ ╞Æ /api/cron/outreach-tone-guard
Γö£ ╞Æ /api/cron/scan-alert
Γö£ ╞Æ /api/cron/scores
Γö£ ╞Æ /api/cron/stall-check
Γö£ ╞Æ /api/cron/ui-ux-weekly-review
Γö£ ╞Æ /api/cron/weekly-digest
Γö£ ╞Æ /api/demo-brief
Γö£ ╞Æ /api/demo-brief/executive-brief
Γö£ ╞Æ /api/demo-brief/manager-tools
Γö£ ╞Æ /api/demo-brief/tailored
Γö£ ╞Æ /api/demo-email
Γö£ ╞Æ /api/deploy-marker
Γö£ ╞Æ /api/discover
Γö£ ╞Æ /api/discover/recommendations/[id]/save
Γö£ ╞Æ /api/drip/unsubscribe
Γö£ ╞Æ /api/events/channel-funnel
Γö£ ╞Æ /api/events/daily-momentum
Γö£ ╞Æ /api/events/pmf
Γö£ ╞Æ /api/executive-brief/grill-me
Γö£ ╞Æ /api/executive-brief/grill-me/sessions
Γö£ ╞Æ /api/executive-brief/grill-me/sessions/[id]/respond
Γö£ ╞Æ /api/executive-brief/transcription
Γö£ ╞Æ /api/executive-transition/emotion-state/score
Γö£ ╞Æ /api/features/chat
Γö£ ╞Æ /api/feedback
Γö£ ╞Æ /api/feedback/items
Γö£ ╞Æ /api/feedback/items/[id]/comments
Γö£ ╞Æ /api/feedback/items/[id]/status
Γö£ ╞Æ /api/feedback/items/[id]/vote
Γö£ ╞Æ /api/google-calendar/callback
Γö£ ╞Æ /api/google-calendar/connect
Γö£ ╞Æ /api/google-calendar/disconnect
Γö£ ╞Æ /api/guide/chat
Γö£ ╞Æ /api/guide/chat/feedback
Γö£ ╞Æ /api/health
Γö£ ╞Æ /api/ideas
Γö£ ╞Æ /api/intelligence/companies
Γö£ ╞Æ /api/intelligence/radar
Γö£ ╞Æ /api/intelligence/token
Γö£ ╞Æ /api/internal/automation/emi-smoke
Γö£ ╞Æ /api/invite
Γö£ ╞Æ /api/linkedin-import
Γö£ ╞Æ /api/linkedin-import/audit
Γö£ ╞Æ /api/linkedin-import/consent
Γö£ ╞Æ /api/linkedin-import/extract
Γö£ ╞Æ /api/linkedin-import/match
Γö£ ╞Æ /api/narrative/generate-linkedin
Γö£ ╞Æ /api/narrative/generate-positioning
Γö£ ╞Æ /api/notify/new-user
Γö£ ╞Æ /api/offer-synthesis
Γö£ ╞Æ /api/onboarding/events
Γö£ ╞Æ /api/onboarding/intel
Γö£ ╞Æ /api/optimize
Γö£ ╞Æ /api/outreach/current-status
Γö£ ╞Æ /api/outreach/draft
Γö£ ╞Æ /api/outreach/kpi-chain
Γö£ ╞Æ /api/outreach/send
Γö£ ╞Æ /api/outreach/send/batch-status
Γö£ ╞Æ /api/outreach/status
Γö£ ╞Æ /api/outreach/suppression
Γö£ ╞Æ /api/outreach/template
Γö£ ╞Æ /api/partner/outcome-events
Γö£ ╞Æ /api/partner/weekly-loop
Γö£ ╞Æ /api/partners
Γö£ ╞Æ /api/partners/attribute
Γö£ ╞Æ /api/partners/report
Γö£ ╞Æ /api/pilot-outreach
Γö£ ╞Æ /api/plan/weekly
Γö£ ╞Æ /api/positioning/chat
Γö£ ╞Æ /api/positioning/save
Γö£ ╞Æ /api/preferences/briefing
Γö£ ╞Æ /api/prep/[id]
Γö£ ╞Æ /api/prep/[id]/background
Γö£ ╞Æ /api/prep/[id]/challenges
Γö£ ╞Æ /api/prep/[id]/chat
Γö£ ╞Æ /api/prep/[id]/competitive
Γö£ ╞Æ /api/prep/[id]/leadership
Γö£ ╞Æ /api/prep/[id]/outreach
Γö£ ╞Æ /api/prep/[id]/outreach/log
Γö£ ╞Æ /api/prep/[id]/priorities
Γö£ ╞Æ /api/prep/[id]/questions
Γö£ ╞Æ /api/prep/[id]/tech-stack
Γö£ ╞Æ /api/prep/[id]/why-here
Γö£ ╞Æ /api/prep/[id]/wins
Γö£ ╞Æ /api/prep/relationships/enrich
Γö£ ╞Æ /api/profile/export
Γö£ ╞Æ /api/profile/upload-linkedin
Γö£ ╞Æ /api/profile/upload-resume
Γö£ ╞Æ /api/readiness
Γö£ ╞Æ /api/relationships/notes
Γö£ ╞Æ /api/relationships/recommendations
Γö£ ╞Æ /api/relationships/touchpoints
Γö£ ╞Æ /api/role-lane/tutorials
Γö£ ╞Æ /api/salary-intelligence
Γö£ ╞Æ /api/search
Γö£ ╞Æ /api/signals/classify
Γö£ ╞Æ /api/strategy
Γö£ ╞Æ /api/strategy/followup
Γö£ ╞Æ /api/suggestions
Γö£ ╞Æ /api/tailor
Γö£ ╞Æ /api/tailor/check
Γö£ ╞Æ /api/tailor/strengthen
Γö£ ╞Æ /api/team/invite
Γö£ ╞Æ /api/team/program-settings
Γö£ ╞Æ /api/team/roles
Γö£ ╞Æ /api/team/roles/[id]
Γö£ ╞Æ /api/team/seat/[id]
Γö£ ╞Æ /api/team/white-label
Γö£ ╞Æ /api/track/open
Γö£ ╞Æ /api/webhooks/onboarding-video
Γö£ ╞Æ /api/webhooks/resend
Γö£ ╞Æ /api/webhooks/stripe
Γö£ Γùï /apple-icon
Γö£ ╞Æ /auth/callback
Γö£ Γùï /blog
Γö£ Γùï /blog/c-suite-search-90-day-plan
Γö£ Γùï /blog/c-suite-search-weekly-metrics
Γö£ Γùï /blog/cio-board-presentation
Γö£ Γùï /blog/cio-compensation-negotiation
Γö£ Γùï /blog/cio-job-market-2026
Γö£ Γùï /blog/cio-job-search-timeline
Γö£ Γùï /blog/cio-search-signal-story-sequence
Γö£ Γùï /blog/cio-vs-cto-which-role
Γö£ Γùï /blog/ciso-interview-preparation
Γö£ Γùï /blog/confidential-executive-search-pipeline
Γö£ Γùï /blog/cto-job-search-timeline
Γö£ Γùï /blog/cto-vs-vp-engineering-career-path
Γö£ Γùï /blog/evaluate-executive-coach-evidence
Γö£ Γùï /blog/evidence-based-executive-networking
Γö£ Γùï /blog/evidence-hub-coaching-session-framework
Γö£ Γùï /blog/executive-coaching-candidate-infrastructure
Γö£ Γùï /blog/executive-coaching-job-search
Γö£ Γùï /blog/executive-coaching-search-outcomes
Γö£ Γùï /blog/executive-hiring-committee-psychology
Γö£ Γùï /blog/executive-hiring-patterns-2026
Γö£ Γùï /blog/executive-interview-prep-7-day-system
Γö£ Γùï /blog/executive-job-search-daily-routine
Γö£ Γùï /blog/executive-organizational-visibility
Γö£ Γùï /blog/executive-outreach-response-rate
Γö£ Γùï /blog/executive-resume-gaps
Γö£ Γùï /blog/executive-search-consistency-model
Γö£ Γùï /blog/executive-search-firms-cio
Γö£ Γùï /blog/executive-search-operating-system
Γö£ Γùï /blog/executive-search-pilot-data-observations
Γö£ Γùï /blog/executive-search-readiness-audit
Γö£ Γùï /blog/executive-search-risk-register
Γö£ Γùï /blog/executive-search-timing-signals
Γö£ Γùï /blog/executive-transition-success-factors
Γö£ Γùï /blog/how-cios-find-jobs
Γö£ Γùï /blog/how-we-estimate-early-role-signals
Γö£ Γùï /blog/linkedin-executive-search-strategy
Γö£ Γùï /blog/pe-backed-cio
Γö£ Γùï /blog/retained-search-candidate-preparation
Γö£ Γùï /blog/retained-search-firms
Γö£ Γùï /blog/source-backed-executive-career-narrative
Γö£ Γùï /blog/target-company-list
Γö£ Γùï /blog/target-company-list-cto
Γö£ Γùï /blog/technology-executive-transition-chro
Γö£ Γùï /blog/vp-job-search-different-rules
Γö£ Γùï /blog/vp-to-c-suite-positioning
Γö£ Γùï /blog/vp-to-cio-transition
Γö£ Γùï /blog/what-companies-want-chief-data-officer
Γö£ Γùï /blog/why-executive-recruiters-go-quiet
Γö£ Γùï /blog/why-starting-monday-exists
Γö£ Γùï /career-tools
Γö£ Γùï /case-studies
Γö£ Γùï /channels/feature-map
Γö£ ╞Æ /coach/[clientId]/interview
Γö£ ╞Æ /coach/clients
Γö£ Γùï /coaches
Γö£ Γùï /coaches-guide
Γö£ Γùï /coaches/mock-dashboard
Γö£ ΓùÅ /coaches/mock-dashboard/[clientId]
Γöé Γö£ /coaches/mock-dashboard/dana-r
Γöé Γö£ /coaches/mock-dashboard/marcus-t
Γöé Γöö /coaches/mock-dashboard/alicia-k
Γö£ Γùï /coaches/personas
Γö£ ΓùÅ /coaches/personas/[slug]
Γöé Γö£ /coaches/personas/independent-executive-coach
Γöé Γö£ /coaches/personas/boutique-firm-coach
Γöé Γö£ /coaches/personas/enterprise-sponsored-coach
Γöé Γöö /coaches/personas/search-affiliate-transition-coach
Γö£ Γùï /coachos
Γö£ Γùï /concierge
Γö£ ╞Æ /contributor
Γö£ ╞Æ /dashboard
Γö£ Γùï /dashboard-theme-preview
Γö£ ╞Æ /dashboard/admin
Γö£ ╞Æ /dashboard/admin/b2b
Γö£ ╞Æ /dashboard/admin/b2b/[id]
Γö£ ╞Æ /dashboard/admin/b2b/new
Γö£ ╞Æ /dashboard/admin/channel-benchmarks
Γö£ ╞Æ /dashboard/admin/coach-outreach
Γö£ ╞Æ /dashboard/admin/crm
Γö£ ╞Æ /dashboard/admin/customers
Γö£ ╞Æ /dashboard/admin/diagrams
Γö£ ╞Æ /dashboard/admin/feedback
Γö£ ╞Æ /dashboard/admin/feedback/[id]
Γö£ ╞Æ /dashboard/admin/guide
Γö£ ╞Æ /dashboard/admin/intelligence
Γö£ ╞Æ /dashboard/admin/intelligence/qa
Γö£ ╞Æ /dashboard/admin/internal-guide
Γö£ ╞Æ /dashboard/admin/linkedin-company-launch
Γö£ ╞Æ /dashboard/admin/metrics
Γö£ ╞Æ /dashboard/admin/onboarding/qa
Γö£ ╞Æ /dashboard/admin/onboarding/video
Γö£ ╞Æ /dashboard/admin/operations
Γö£ ╞Æ /dashboard/admin/outplacement-cohorts
Γö£ ╞Æ /dashboard/admin/outplacement-outreach
Γö£ ╞Æ /dashboard/admin/outreach-analytics
Γö£ ╞Æ /dashboard/admin/outreach-reliability
Γö£ ╞Æ /dashboard/admin/product
Γö£ ╞Æ /dashboard/admin/product/catalog
Γö£ ╞Æ /dashboard/admin/revenue
Γö£ ╞Æ /dashboard/admin/sales-enablement
Γö£ ╞Æ /dashboard/admin/social
Γö£ ╞Æ /dashboard/admin/speakers
Γö£ ╞Æ /dashboard/admin/team
Γö£ ╞Æ /dashboard/admin/traces
Γö£ ╞Æ /dashboard/admin/traces/rubric
Γö£ ╞Æ /dashboard/board-track
Γö£ ╞Æ /dashboard/briefing
Γö£ ╞Æ /dashboard/calendar
Γö£ ╞Æ /dashboard/chat
Γö£ ╞Æ /dashboard/coach
Γö£ ╞Æ /dashboard/coach/[clientId]
Γö£ ╞Æ /dashboard/companies/[id]
Γö£ ╞Æ /dashboard/companies/[id]/prep
Γö£ ╞Æ /dashboard/companies/new
Γö£ ╞Æ /dashboard/concierge
Γö£ ╞Æ /dashboard/contacts
Γö£ ╞Æ /dashboard/contacts/[id]
Γö£ ╞Æ /dashboard/contacts/[id]/edit
Γö£ ╞Æ /dashboard/contacts/[id]/outreach
Γö£ ╞Æ /dashboard/discover
Γö£ ╞Æ /dashboard/discover/recommendation/[id]
Γö£ ╞Æ /dashboard/executive-brief
Γö£ ╞Æ /dashboard/feedback
Γö£ ╞Æ /dashboard/help
Γö£ ╞Æ /dashboard/invite
Γö£ ╞Æ /dashboard/kanban
Γö£ ╞Æ /dashboard/offers
Γö£ ╞Æ /dashboard/optionality
Γö£ ╞Æ /dashboard/optionality/branding
Γö£ ╞Æ /dashboard/optionality/decision-cockpit
Γö£ ╞Æ /dashboard/outplacement
Γö£ ╞Æ /dashboard/outplacement/counselor
Γö£ ╞Æ /dashboard/outplacement/enterprise
Γö£ ╞Æ /dashboard/outplacement/firm-admin
Γö£ ╞Æ /dashboard/outplacement/operator
Γö£ ╞Æ /dashboard/outplacement/sponsor-report
Γö£ ╞Æ /dashboard/outreach
Γö£ ╞Æ /dashboard/partner
Γö£ ╞Æ /dashboard/pilot-outreach
Γö£ ╞Æ /dashboard/placed
Γö£ ╞Æ /dashboard/plan
Γö£ ╞Æ /dashboard/positioning
Γö£ ╞Æ /dashboard/post-landing
Γö£ ╞Æ /dashboard/post-search
Γö£ ╞Æ /dashboard/profile
Γö£ ╞Æ /dashboard/profile/tailor
Γö£ ╞Æ /dashboard/salary
Γö£ ╞Æ /dashboard/signals
Γö£ ╞Æ /dashboard/start
Γö£ ╞Æ /dashboard/strategy
Γö£ ╞Æ /dashboard/wrap-up
Γö£ Γùï /demo
Γö£ Γùï /demo/cio
Γö£ Γùï /demo/cio/notes
Γö£ Γùï /demo/coach-dashboard
Γö£ Γùï /demo/executive-brief
Γö£ Γùï /demo/executive-dashboard
Γö£ Γùï /demo/leader-brief
Γö£ Γùï /demo/manager-tools
Γö£ Γùï /demo/michael-dashboard
Γö£ Γùï /demo/michael-strategy-brief
Γö£ Γùï /demo/prep-communications
Γö£ Γùï /demo/prep-companies
Γö£ Γùï /demo/prep-interview
Γö£ Γùï /demo/prep-meetings
Γö£ Γùï /demo/presenter
Γö£ Γùï /evaluate
Γö£ Γùï /evidence-hub
Γö£ Γùï /evidence-room
Γö£ Γùï /executive-brief
Γö£ Γùï /executives
Γö£ Γùï /executives/active
Γö£ Γùï /executives/passive
Γö£ Γùï /executives/personas
Γö£ ΓùÅ /executives/personas/[slug]
Γöé Γö£ /executives/personas/cio-cto-transition
Γöé Γö£ /executives/personas/vp-to-c-suite
Γöé Γö£ /executives/personas/vp-technology
Γöé Γöö [+5 more paths]
Γö£ Γùï /features
Γö£ ΓùÅ /features/[slug]
Γöé Γö£ /features/executives
Γöé Γö£ /features/executive-coaches
Γöé Γö£ /features/outplacement
Γöé Γöö [+8 more paths]
Γö£ Γùï /feedback
Γö£ Γùï /for-cdo
Γö£ Γùï /for-cdo/opengraph-image
Γö£ Γùï /for-chro
Γö£ Γùï /for-cio
Γö£ Γùï /for-cio-associations
Γö£ Γùï /for-cio/opengraph-image
Γö£ Γùï /for-ciso
Γö£ Γùï /for-ciso/opengraph-image
Γö£ Γùï /for-coaches
Γö£ Γùï /for-coaches/coach-prep-worksheet
Γö£ Γùï /for-coaches/economics
Γö£ Γùï /for-coaches/faq
Γö£ Γùï /for-coaches/micro-products
Γö£ ΓùÅ /for-coaches/micro-products/[slug]
Γöé Γö£ /for-coaches/micro-products/coach-session-anti-drift-kit
Γöé Γö£ /for-coaches/micro-products/shadow-search-governance-pack
Γöé Γö£ /for-coaches/micro-products/executive-positioning-narrative-builder
Γöé Γöö [+4 more paths]
Γö£ Γùï /for-coaches/search-affiliate
Γö£ Γùï /for-coaches/trust-pack
Γö£ Γùï /for-coo
Γö£ Γùï /for-coo/opengraph-image
Γö£ Γùï /for-cpo
Γö£ Γùï /for-cpo/opengraph-image
Γö£ Γùï /for-data-officer
Γö£ Γùï /for-data-officer/opengraph-image
Γö£ Γùï /for-executives
Γö£ ╞Æ /for-executives/[lane]
Γö£ Γùï /for-financial-advisors
Γö£ Γùï /for-fractional-executives
Γö£ Γùï /for-individuals
Γö£ Γùï /for-leaders
Γö£ Γùï /for-media-partners
Γö£ Γùï /for-outplacement
Γö£ Γùï /for-outplacement/economics
Γö£ Γùï /for-outplacement/executive-summary
Γö£ Γùï /for-outplacement/faq
Γö£ Γùï /for-outplacement/metric-dictionary
Γö£ Γùï /for-outplacement/operating-scorecard
Γö£ Γùï /for-outplacement/runbook
Γö£ Γùï /for-outplacement/security-overview
Γö£ Γùï /for-outplacement/trust-pack
Γö£ Γùï /for-pe-partners
Γö£ Γùï /for-pe-teams
Γö£ Γùï /for-relocation
Γö£ Γùï /for-search-firms
Γö£ Γùï /for-vp
Γö£ Γùï /for-vp-technology
Γö£ Γùï /for-vp-technology/opengraph-image
Γö£ Γùï /for-vp/opengraph-image
Γö£ Γùï /founder-note
Γö£ ╞Æ /guide
Γö£ Γùï /icon
Γö£ Γùï /ideas
Γö£ Γùï /individuals
Γö£ ╞Æ /intelligence/[slug]
Γö£ ╞Æ /invite/[code]
Γö£ Γùï /learn-more
Γö£ Γùï /learn-more/common-questions
Γö£ Γùï /learn-more/inside-the-system
Γö£ Γùï /learn-more/objections
Γö£ Γùï /login
Γö£ Γùï /managertools
Γö£ Γùï /mark-demo
Γö£ Γùï /mark-review
Γö£ Γùï /mark-review/appendix
Γö£ Γùï /mark-review/business-plan
Γö£ Γùï /mark-review/summary
Γö£ Γùï /mauricio-kickoff
Γö£ ╞Æ /mauricio-kickoff-execution
Γö£ ╞Æ /mauricio-kickoff-execution/apollo-read-access
Γö£ ╞Æ /mauricio-kickoff-execution/customer-email-by-channel
Γö£ Γùï /method-and-evidence
Γö£ ╞Æ /onboarding
Γö£ Γùï /opengraph-image
Γö£ Γùï /optimize
Γö£ Γùï /outplacement
Γö£ Γùï /outplacement/personas
Γö£ ΓùÅ /outplacement/personas/[slug]
Γöé Γö£ /outplacement/personas/practice-leader
Γöé Γö£ /outplacement/personas/program-operations-director
Γöé Γö£ /outplacement/personas/counselor-lead
Γöé Γöö /outplacement/personas/procurement-and-legal
Γö£ Γùï /partner-firm
Γö£ ╞Æ /partners
Γö£ Γùï /partners/mauricio-kickoff
Γö£ Γùï /partners/reporting
Γö£ Γùï /pilot-findings
Γö£ ╞Æ /prep/communications
Γö£ ╞Æ /prep/companies
Γö£ ╞Æ /prep/interview
Γö£ ╞Æ /prep/meetings
Γö£ ╞Æ /prep/relationships
Γö£ Γùï /pricing
Γö£ Γùï /privacy
Γö£ Γùï /proof/roi-calculator
Γö£ Γùï /references
Γö£ Γùï /research-brief
Γö£ Γùï /robots.txt
Γö£ ╞Æ /sales-marketing-plan
Γö£ Γùï /search-firms
Γö£ Γùï /search-firms/personas
Γö£ ΓùÅ /search-firms/personas/[slug]
Γöé Γö£ /search-firms/personas/partner-firm-lead
Γöé Γö£ /search-firms/personas/principal-delivery-lead
Γöé Γöö /search-firms/personas/candidate-success-owner
Γö£ Γùï /search-firms/procurement
Γö£ Γùï /search-firms/sample-cfo-brief
Γö£ Γùï /search-firms/trial-charter
Γö£ Γùï /search-firms/trust
Γö£ Γùï /security
Γö£ ╞Æ /settings/billing
Γö£ ╞Æ /settings/security
Γö£ ╞Æ /settings/team
Γö£ Γùï /signup
Γö£ Γùï /sitemap.xml
Γö£ Γùï /stuart-meyer-review
Γö£ ╞Æ /team/join/[token]
Γö£ Γùï /terms
Γö£ Γùï /terry-anderson-review
Γö£ ╞Æ /unsubscribe/[code]
Γöö Γùï /unsubscribe/confirmed


╞Æ Proxy (Middleware)

Γùï  (Static)   prerendered as static content
ΓùÅ  (SSG)      prerendered as static HTML (uses generateStaticParams)
╞Æ  (Dynamic)  server-rendered on demand

